[INFO] Scanning for projects...
[INFO] 
[INFO] ------------------------< com.navam:navam-app >-------------------------
[INFO] Building navam-app 0.0.1-SNAPSHOT
[INFO]   from pom.xml
[INFO] --------------------------------[ jar ]---------------------------------
[INFO] 
[INFO] --- resources:3.3.1:resources (default-resources) @ navam-app ---
[INFO] Copying 1 resource from src\main\resources to target\classes
[INFO] Copying 0 resource from src\main\resources to target\classes
[INFO] 
[INFO] --- compiler:3.11.0:compile (default-compile) @ navam-app ---
[INFO] Changes detected - recompiling the module! :source
[INFO] Compiling 42 source files with javac [debug release 17] to target\classes
[INFO] /E:/NAVAM/backend/src/main/java/com/navam/app/service/GeminiService.java: Some input files use unchecked or unsafe operations.
[INFO] /E:/NAVAM/backend/src/main/java/com/navam/app/service/GeminiService.java: Recompile with -Xlint:unchecked for details.
[INFO] Some messages have been simplified; recompile with -Xdiags:verbose to get full output
[INFO] -------------------------------------------------------------
[ERROR] COMPILATION ERROR : 
[INFO] -------------------------------------------------------------
[ERROR] /E:/NAVAM/backend/src/main/java/com/navam/app/controller/MCPController.java:[147,54] incompatible types: java.util.List<com.navam.app.model.ProjectTask> cannot be converted to java.util.List<java.lang.String>
[ERROR] /E:/NAVAM/backend/src/main/java/com/navam/app/controller/MCPController.java:[152,34] incompatible types: java.util.List<java.lang.String> cannot be converted to java.util.List<com.navam.app.model.ProjectTask>
[INFO] 2 errors 
[INFO] -------------------------------------------------------------
[INFO] ------------------------------------------------------------------------
[INFO] BUILD FAILURE
[INFO] ------------------------------------------------------------------------
[INFO] Total time:  6.553 s
[INFO] Finished at: 2025-12-05T19:19:53+05:30
[INFO] ------------------------------------------------------------------------
[ERROR] Failed to execute goal org.apache.maven.plugins:maven-compiler-plugin:3.11.0:compile (default-compile) on project navam-app: Compilation failure: Compilation failure: 
[ERROR] /E:/NAVAM/backend/src/main/java/com/navam/app/controller/MCPController.java:[147,54] incompatible types: java.util.List<com.navam.app.model.ProjectTask> cannot be converted to java.util.List<java.lang.String>
[ERROR] /E:/NAVAM/backend/src/main/java/com/navam/app/controller/MCPController.java:[152,34] incompatible types: java.util.List<java.lang.String> cannot be converted to java.util.List<com.navam.app.model.ProjectTask>
[ERROR] -> [Help 1]
[ERROR] 
[ERROR] To see the full stack trace of the errors, re-run Maven with the -e switch.
[ERROR] Re-run Maven using the -X switch to enable full debug logging.
[ERROR] 
[ERROR] For more information about the errors and possible solutions, please read the following articles:
[ERROR] [Help 1] http://cwiki.apache.org/confluence/display/MAVEN/MojoFailureException
